data, suma, ilość krajów, ilość obwodów
sob 10 maj 16:03:26 2025 CEST,340401,99,518
sob 10 maj 17:06:47 2025 CEST,341536,99,518
sob 10 maj 18:04:26 2025 CEST,342588,99,518
sob 10 maj 18:29:58 2025 CEST,343128,99,518
countryId 104 countryName Afganistan
res
ilosc
countryId 1 countryName Albania
res
ilosc
countryId 2 countryName Algieria
res
ilosc
countryId 102 countryName Andora
res
ilosc
countryId 94 countryName Angola
res
ilosc
countryId 3 countryName Arabia
res
ilosc
countryId 4 countryName Argentyna
res
ilosc
countryId 5 countryName Armenia
res
ilosc
countryId 6 countryName Australia
res
ilosc
countryId 7 countryName Austria
res
ilosc
countryId 8 countryName Azerbejdżan
res
ilosc
countryId 105 countryName Bangladesz
res
ilosc
countryId 9 countryName Belgia
res
ilosc
countryId 106 countryName Bhutan
res
ilosc
countryId 10 countryName Białoruś
res
ilosc
countryId 11 countryName Bośnia
res
ilosc
countryId 13 countryName Brazylia
res
ilosc
countryId 12 countryName Bułgaria
res
ilosc
countryId 16 countryName Chile
res
ilosc
countryId 14 countryName Chiny
res
ilosc
countryId 15 countryName Chorwacja
res
ilosc
countryId 17 countryName Cypr
res
ilosc
countryId 18 countryName Czarnogóra
res
ilosc
countryId 19 countryName Czechy
res
ilosc
countryId 20 countryName Dania
res
ilosc
countryId 95 countryName Demokratyczna
res
ilosc
countryId 21 countryName Dominikana
res
ilosc
countryId 22 countryName Egipt
res
ilosc
countryId 23 countryName Estonia
res
ilosc
countryId 24 countryName Etiopia
res
ilosc
countryId 25 countryName Filipiny
res
ilosc
countryId 26 countryName Finlandia
res
ilosc
countryId 27 countryName Francja
res
ilosc
countryId 97 countryName Gabon
res
ilosc
countryId 28 countryName Grecja
res
ilosc
countryId 29 countryName Gruzja
res
ilosc
countryId 30 countryName Hiszpania
res
ilosc
countryId 60 countryName Holandia
res
ilosc
countryId 31 countryName Indie
res
ilosc
countryId 32 countryName Indonezja
res
ilosc
countryId 33 countryName Irak
res
ilosc
countryId 34 countryName Iran
res
ilosc
countryId 35 countryName Irlandia
res
ilosc
countryId 36 countryName Islandia
res
ilosc
countryId 37 countryName Izrael
res
ilosc
countryId 38 countryName Japonia
res
ilosc
countryId 39 countryName Jordania
res
ilosc
countryId 93 countryName Kambodża
res
ilosc
countryId 40 countryName Kanada
res
ilosc
countryId 41 countryName Katar
res
ilosc
countryId 42 countryName Kazachstan
res
ilosc
countryId 44 countryName Kenia
res
ilosc
countryId 43 countryName Kolumbia
res
ilosc
countryId 45 countryName Korea
res
ilosc
countryId 46 countryName Kosowo
res
ilosc
countryId 103 countryName Kostaryka
res
ilosc
countryId 47 countryName Kuba
res
ilosc
countryId 48 countryName Kuwejt
res
ilosc
countryId 49 countryName Liban
res
ilosc
countryId 50 countryName Litwa
res
ilosc
countryId 51 countryName Luksemburg
res
ilosc
countryId 52 countryName Łotwa
res
ilosc
countryId 90 countryName Macedonia
res
ilosc
countryId 107 countryName Malediwy
res
ilosc
countryId 53 countryName Malezja
res
ilosc
countryId 54 countryName Malta
res
ilosc
countryId 55 countryName Maroko
res
ilosc
countryId 56 countryName Meksyk
res
ilosc
countryId 57 countryName Mołdawia
res
ilosc
countryId 58 countryName Mongolia
res
ilosc
countryId 108 countryName Nepal
res
ilosc
countryId 61 countryName Niemcy
res
ilosc
countryId 62 countryName Nigeria
res
ilosc
countryId 63 countryName Norwegia
res
ilosc
countryId 59 countryName Nowa
res
ilosc
countryId 91 countryName Oman
res
ilosc
countryId 64 countryName Pakistan
res
ilosc
countryId 92 countryName Panama
res
ilosc
countryId 100 countryName Paragwaj
res
ilosc
countryId 65 countryName Peru
res
ilosc
countryId 67 countryName Portugalia
res
ilosc
countryId 96 countryName Republika
res
ilosc
countryId 66 countryName Republika
res
ilosc
countryId 98 countryName Republika
res
ilosc
countryId 68 countryName Rosja
res
ilosc
countryId 69 countryName Rumunia
res
ilosc
countryId 70 countryName Senegal
res
ilosc
countryId 71 countryName Serbia
res
ilosc
countryId 72 countryName Singapur
res
ilosc
countryId 73 countryName Słowacja
res
ilosc
countryId 74 countryName Słowenia
res <html style="height:100%"><head><META NAME="ROBOTS" CONTENT="NOINDEX, NOFOLLOW"><meta name="format-detection" content="telephone=no"><meta name="viewport" content="initial-scale=1.0"><meta http-equiv="X-UA-Compatible" content="IE=edge,chrome=1"></head><body style="margin:0px;height:100%"><iframe id="main-iframe" src="/_Incapsula_Resource?SWUDNSAI=31&xinfo=4-22328998-0%200NNN%20RT%281746896356844%2014%29%20q%280%20-1%20-1%20-1%29%20r%280%20-1%29%20B12%2811%2c3324493%2c0%29%20U19&incident_id=260000240304496623-108839058322753028&edet=12&cinfo=0b000000&rpinfo=0&cts=vqlVUJFpAyUSov12Jk8SjFzkgpXv%2fJDoiZTlc4HOPUeJ7DN7H4292izE1VM0nhQ8&mth=GET" frameborder=0 width="100%" height="100%" marginheight="0px" marginwidth="0px">Request unsuccessful. Incapsula incident ID: 260000240304496623-108839058322753028</iframe></body></html>
ilosc
countryId 109 countryName Sri
res <html style="height:100%"><head><META NAME="ROBOTS" CONTENT="NOINDEX, NOFOLLOW"><meta name="format-detection" content="telephone=no"><meta name="viewport" content="initial-scale=1.0"><meta http-equiv="X-UA-Compatible" content="IE=edge,chrome=1"></head><body style="margin:0px;height:100%"><iframe id="main-iframe" src="/_Incapsula_Resource?SWUDNSAI=31&xinfo=14-214528861-0%200NNN%20RT%281746896356923%2015%29%20q%280%20-1%20-1%20-1%29%20r%280%20-1%29%20B12%2811%2c3324493%2c0%29%20U18&incident_id=260000240304496623-815733741157877262&edet=12&cinfo=0b000000&rpinfo=0&cts=guD8j8esBFTuF7WkM00kPRwT9s5km81smgC5BYQ3FstvsR9AZ1YAZaacW%2fBqcwzO&mth=GET" frameborder=0 width="100%" height="100%" marginheight="0px" marginwidth="0px">Request unsuccessful. Incapsula incident ID: 260000240304496623-815733741157877262</iframe></body></html>
ilosc
countryId 75 countryName Stany
res <html style="height:100%"><head><META NAME="ROBOTS" CONTENT="NOINDEX, NOFOLLOW"><meta name="format-detection" content="telephone=no"><meta name="viewport" content="initial-scale=1.0"><meta http-equiv="X-UA-Compatible" content="IE=edge,chrome=1"></head><body style="margin:0px;height:100%"><iframe id="main-iframe" src="/_Incapsula_Resource?SWUDNSAI=31&xinfo=13-186894276-0%200NNN%20RT%281746896356999%2013%29%20q%280%20-1%20-1%20-1%29%20r%280%20-1%29%20B12%2811%2c3324493%2c0%29%20U19&incident_id=260000240304496623-743318599682491917&edet=12&cinfo=0b000000&rpinfo=0&cts=jkJWq22V9h0XqXl6%2bJ9qlXsKtUUa09l%2f6nO4aeGz6MDdhy1BWJqXj7Brx06L9dqn&mth=GET" frameborder=0 width="100%" height="100%" marginheight="0px" marginwidth="0px">Request unsuccessful. Incapsula incident ID: 260000240304496623-743318599682491917</iframe></body></html>
ilosc
countryId 76 countryName Szwajcaria
res <html style="height:100%"><head><META NAME="ROBOTS" CONTENT="NOINDEX, NOFOLLOW"><meta name="format-detection" content="telephone=no"><meta name="viewport" content="initial-scale=1.0"><meta http-equiv="X-UA-Compatible" content="IE=edge,chrome=1"></head><body style="margin:0px;height:100%"><iframe id="main-iframe" src="/_Incapsula_Resource?SWUDNSAI=31&xinfo=13-186894302-0%200NNN%20RT%281746896357073%2014%29%20q%280%20-1%20-1%20-1%29%20r%280%20-1%29%20B12%2811%2c3324493%2c0%29%20U19&incident_id=260000240304496623-743318672696935949&edet=12&cinfo=0b000000&rpinfo=0&cts=vXxjJln8GJBC9ZsS1diYV%2fSI4JEH6SrIP57Pu4vHB11ezL8IL9WR%2bWowcldTw7U0&mth=GET" frameborder=0 width="100%" height="100%" marginheight="0px" marginwidth="0px">Request unsuccessful. Incapsula incident ID: 260000240304496623-743318672696935949</iframe></body></html>
ilosc
countryId 77 countryName Szwecja
res <html style="height:100%"><head><META NAME="ROBOTS" CONTENT="NOINDEX, NOFOLLOW"><meta name="format-detection" content="telephone=no"><meta name="viewport" content="initial-scale=1.0"><meta http-equiv="X-UA-Compatible" content="IE=edge,chrome=1"></head><body style="margin:0px;height:100%"><iframe id="main-iframe" src="/_Incapsula_Resource?SWUDNSAI=31&xinfo=12-153804222-0%200NNN%20RT%281746896357148%2013%29%20q%280%20-1%20-1%20-1%29%20r%280%20-1%29%20B12%2811%2c3324493%2c0%29%20U19&incident_id=260000240304496623-617672363684922892&edet=12&cinfo=0b000000&rpinfo=0&cts=sW6fVBUxXZni%2bhnf19bKu3QjRF8kes%2bQ27znN%2fSIU4pb5rsJ15i5%2bb94oVJ%2fNp2M&mth=GET" frameborder=0 width="100%" height="100%" marginheight="0px" marginwidth="0px">Request unsuccessful. Incapsula incident ID: 260000240304496623-617672363684922892</iframe></body></html>
ilosc
countryId 78 countryName Tajlandia
res <html style="height:100%"><head><META NAME="ROBOTS" CONTENT="NOINDEX, NOFOLLOW"><meta name="format-detection" content="telephone=no"><meta name="viewport" content="initial-scale=1.0"><meta http-equiv="X-UA-Compatible" content="IE=edge,chrome=1"></head><body style="margin:0px;height:100%"><iframe id="main-iframe" src="/_Incapsula_Resource?SWUDNSAI=31&xinfo=12-153804241-0%200NNN%20RT%281746896357224%2023%29%20q%280%20-1%20-1%20-1%29%20r%280%20-1%29%20B12%2811%2c3324493%2c0%29%20U19&incident_id=260000240304496623-617672432404399628&edet=12&cinfo=0b000000&rpinfo=0&cts=TanpPnt1K5ez8O3ijrugHVVpsh%2b7MT2ZBQ8fyd6Ugl7Mrd%2b%2bDZ96t3H8AedOPHoe&mth=GET" frameborder=0 width="100%" height="100%" marginheight="0px" marginwidth="0px">Request unsuccessful. Incapsula incident ID: 260000240304496623-617672432404399628</iframe></body></html>
ilosc
countryId 79 countryName Tajwan
res <html style="height:100%"><head><META NAME="ROBOTS" CONTENT="NOINDEX, NOFOLLOW"><meta name="format-detection" content="telephone=no"><meta name="viewport" content="initial-scale=1.0"><meta http-equiv="X-UA-Compatible" content="IE=edge,chrome=1"></head><body style="margin:0px;height:100%"><iframe id="main-iframe" src="/_Incapsula_Resource?SWUDNSAI=31&xinfo=12-153804259-0%200NNN%20RT%281746896357309%2013%29%20q%280%20-1%20-1%20-1%29%20r%280%20-1%29%20B12%2811%2c3324493%2c0%29%20U19&incident_id=260000240304496623-617672471059105292&edet=12&cinfo=0b000000&rpinfo=0&cts=zrbRCZpbSZRJiWT0wSRlZDgL4WcacYelWhX5HYnF8VwfzdEZTB1oO61iS8XTw0La&mth=GET" frameborder=0 width="100%" height="100%" marginheight="0px" marginwidth="0px">Request unsuccessful. Incapsula incident ID: 260000240304496623-617672471059105292</iframe></body></html>
ilosc
countryId 80 countryName Tanzania
res <html style="height:100%"><head><META NAME="ROBOTS" CONTENT="NOINDEX, NOFOLLOW"><meta name="format-detection" content="telephone=no"><meta name="viewport" content="initial-scale=1.0"><meta http-equiv="X-UA-Compatible" content="IE=edge,chrome=1"></head><body style="margin:0px;height:100%"><iframe id="main-iframe" src="/_Incapsula_Resource?SWUDNSAI=31&xinfo=10-97157956-0%200NNN%20RT%281746896357384%2014%29%20q%280%20-1%20-1%20-1%29%20r%280%20-1%29%20B12%2811%2c3324493%2c0%29%20U19&incident_id=260000240304496623-435700032487032330&edet=12&cinfo=0b000000&rpinfo=0&cts=7ByjZo788gxGyqSmmSNk4LT1U9lyInDHFipJtld2i4E9i44viS9ggMHWHXMJsQmo&mth=GET" frameborder=0 width="100%" height="100%" marginheight="0px" marginwidth="0px">Request unsuccessful. Incapsula incident ID: 260000240304496623-435700032487032330</iframe></body></html>
ilosc
countryId 81 countryName Tunezja
res <html style="height:100%"><head><META NAME="ROBOTS" CONTENT="NOINDEX, NOFOLLOW"><meta name="format-detection" content="telephone=no"><meta name="viewport" content="initial-scale=1.0"><meta http-equiv="X-UA-Compatible" content="IE=edge,chrome=1"></head><body style="margin:0px;height:100%"><iframe id="main-iframe" src="/_Incapsula_Resource?SWUDNSAI=31&xinfo=14-214529117-0%200NNN%20RT%281746896357459%2019%29%20q%280%20-1%20-1%20-1%29%20r%280%20-1%29%20B12%2811%2c3324493%2c0%29%20U19&incident_id=260000240304496623-815734333863364110&edet=12&cinfo=0b000000&rpinfo=0&cts=9XtXxogzXJH76yCm7HUsylYTSpF0tvd2Uu5r1xRRb4j6V6T4FOjPtM1C7DCztheO&mth=GET" frameborder=0 width="100%" height="100%" marginheight="0px" marginwidth="0px">Request unsuccessful. Incapsula incident ID: 260000240304496623-815734333863364110</iframe></body></html>
ilosc
countryId 82 countryName Turcja
res <html style="height:100%"><head><META NAME="ROBOTS" CONTENT="NOINDEX, NOFOLLOW"><meta name="format-detection" content="telephone=no"><meta name="viewport" content="initial-scale=1.0"><meta http-equiv="X-UA-Compatible" content="IE=edge,chrome=1"></head><body style="margin:0px;height:100%"><iframe id="main-iframe" src="/_Incapsula_Resource?SWUDNSAI=31&xinfo=14-214529150-0%200NNN%20RT%281746896357540%2017%29%20q%280%20-1%20-1%20-1%29%20r%280%20-1%29%20B12%2811%2c3324493%2c0%29%20U19&incident_id=260000240304496623-815734402582840846&edet=12&cinfo=0b000000&rpinfo=0&cts=bU1ZB%2fDO5p610CNSwTw2QBwIMlqu%2b%2fL6fhflj3FuYFpWthPLCWkWB20yuRHofC6m&mth=GET" frameborder=0 width="100%" height="100%" marginheight="0px" marginwidth="0px">Request unsuccessful. Incapsula incident ID: 260000240304496623-815734402582840846</iframe></body></html>
ilosc
countryId 101 countryName Urugwaj
res <html style="height:100%"><head><META NAME="ROBOTS" CONTENT="NOINDEX, NOFOLLOW"><meta name="format-detection" content="telephone=no"><meta name="viewport" content="initial-scale=1.0"><meta http-equiv="X-UA-Compatible" content="IE=edge,chrome=1"></head><body style="margin:0px;height:100%"><iframe id="main-iframe" src="/_Incapsula_Resource?SWUDNSAI=31&xinfo=14-214529179-0%200NNN%20RT%281746896357618%2035%29%20q%280%20-1%20-1%20-1%29%20r%280%20-1%29%20B12%2811%2c3324493%2c0%29%20U18&incident_id=260000240304496623-815734488482186766&edet=12&cinfo=0b000000&rpinfo=0&cts=vkZ5fWuKu7aWJZzKKl6jmr9CUzvF1gv1nGHSc%2fT5mskeioHw9HSu7AnNVmqZTsCr&mth=GET" frameborder=0 width="100%" height="100%" marginheight="0px" marginwidth="0px">Request unsuccessful. Incapsula incident ID: 260000240304496623-815734488482186766</iframe></body></html>
ilosc
countryId 83 countryName Uzbekistan
res <html style="height:100%"><head><META NAME="ROBOTS" CONTENT="NOINDEX, NOFOLLOW"><meta name="format-detection" content="telephone=no"><meta name="viewport" content="initial-scale=1.0"><meta http-equiv="X-UA-Compatible" content="IE=edge,chrome=1"></head><body style="margin:0px;height:100%"><iframe id="main-iframe" src="/_Incapsula_Resource?SWUDNSAI=31&xinfo=12-153804426-0%200NNN%20RT%281746896357720%2014%29%20q%280%20-1%20-1%20-1%29%20r%280%20-1%29%20B12%2811%2c3324493%2c0%29%20U19&incident_id=260000240304496623-617672883375965708&edet=12&cinfo=0b000000&rpinfo=0&cts=2oa45eUEKwu%2fVBbsfXhwBOPDwrXQk0BIn4EGssSTD0GFIyk4BMd532Ab7mmqeCzW&mth=GET" frameborder=0 width="100%" height="100%" marginheight="0px" marginwidth="0px">Request unsuccessful. Incapsula incident ID: 260000240304496623-617672883375965708</iframe></body></html>
ilosc
countryId 84 countryName Wenezuela
res <html style="height:100%"><head><META NAME="ROBOTS" CONTENT="NOINDEX, NOFOLLOW"><meta name="format-detection" content="telephone=no"><meta name="viewport" content="initial-scale=1.0"><meta http-equiv="X-UA-Compatible" content="IE=edge,chrome=1"></head><body style="margin:0px;height:100%"><iframe id="main-iframe" src="/_Incapsula_Resource?SWUDNSAI=31&xinfo=13-186894461-0%200NNN%20RT%281746896357795%2014%29%20q%280%20-1%20-1%20-1%29%20r%280%20-1%29%20B12%2811%2c3324493%2c0%29%20U19&incident_id=260000240304496623-743319170913142285&edet=12&cinfo=0b000000&rpinfo=0&cts=Vr53Gfp%2fpaVUqweLMvkurFJX8NdjSqwP7h94ygbcY%2fiC6PpG0Av7nh3PxYPN8Rhv&mth=GET" frameborder=0 width="100%" height="100%" marginheight="0px" marginwidth="0px">Request unsuccessful. Incapsula incident ID: 260000240304496623-743319170913142285</iframe></body></html>
ilosc
countryId 85 countryName Węgry
res <html style="height:100%"><head><META NAME="ROBOTS" CONTENT="NOINDEX, NOFOLLOW"><meta name="format-detection" content="telephone=no"><meta name="viewport" content="initial-scale=1.0"><meta http-equiv="X-UA-Compatible" content="IE=edge,chrome=1"></head><body style="margin:0px;height:100%"><iframe id="main-iframe" src="/_Incapsula_Resource?SWUDNSAI=31&xinfo=13-186894503-0%200NNN%20RT%281746896357871%2014%29%20q%280%20-1%20-1%20-1%29%20r%280%20-1%29%20B12%2811%2c3324493%2c0%29%20U19&incident_id=260000240304496623-743319243927586317&edet=12&cinfo=0b000000&rpinfo=0&cts=%2f8yL93vVJNgpEnkYepRMfQkn49qRI1B1kKhrTSxpqQbgb%2f5wqkW0truiAY1lOWWP&mth=GET" frameborder=0 width="100%" height="100%" marginheight="0px" marginwidth="0px">Request unsuccessful. Incapsula incident ID: 260000240304496623-743319243927586317</iframe></body></html>
ilosc
countryId 86 countryName Wielka
res <html style="height:100%"><head><META NAME="ROBOTS" CONTENT="NOINDEX, NOFOLLOW"><meta name="format-detection" content="telephone=no"><meta name="viewport" content="initial-scale=1.0"><meta http-equiv="X-UA-Compatible" content="IE=edge,chrome=1"></head><body style="margin:0px;height:100%"><iframe id="main-iframe" src="/_Incapsula_Resource?SWUDNSAI=31&xinfo=12-153804511-0%200NNN%20RT%281746896357954%2015%29%20q%280%20-1%20-1%20-1%29%20r%280%20-1%29%20B12%2811%2c3324493%2c0%29%20U19&incident_id=260000240304496623-617673055174657548&edet=12&cinfo=0b000000&rpinfo=0&cts=Iqtl4%2bZqjjfW%2fC%2fmqpvniF7SgQW%2fujPu69yx21f3KMt0i0FZc16kYRCgP5I13ijO&mth=GET" frameborder=0 width="100%" height="100%" marginheight="0px" marginwidth="0px">Request unsuccessful. Incapsula incident ID: 260000240304496623-617673055174657548</iframe></body></html>
ilosc
countryId 87 countryName Wietnam
res <html style="height:100%"><head><META NAME="ROBOTS" CONTENT="NOINDEX, NOFOLLOW"><meta name="format-detection" content="telephone=no"><meta name="viewport" content="initial-scale=1.0"><meta http-equiv="X-UA-Compatible" content="IE=edge,chrome=1"></head><body style="margin:0px;height:100%"><iframe id="main-iframe" src="/_Incapsula_Resource?SWUDNSAI=31&xinfo=13-186894549-0%200NNN%20RT%281746896358031%2020%29%20q%280%20-1%20-1%20-1%29%20r%280%20-1%29%20B12%2811%2c3324493%2c0%29%20U19&incident_id=260000240304496623-743319372776605197&edet=12&cinfo=0b000000&rpinfo=0&cts=1BnBCqftZQBbV%2buGiFRJnYiY5XDFK921DuGuHT73St4TgrfRrksltAtEhfmG5qJf&mth=GET" frameborder=0 width="100%" height="100%" marginheight="0px" marginwidth="0px">Request unsuccessful. Incapsula incident ID: 260000240304496623-743319372776605197</iframe></body></html>
ilosc
countryId 88 countryName Włochy
res <html style="height:100%"><head><META NAME="ROBOTS" CONTENT="NOINDEX, NOFOLLOW"><meta name="format-detection" content="telephone=no"><meta name="viewport" content="initial-scale=1.0"><meta http-equiv="X-UA-Compatible" content="IE=edge,chrome=1"></head><body style="margin:0px;height:100%"><iframe id="main-iframe" src="/_Incapsula_Resource?SWUDNSAI=31&xinfo=14-214529287-0%200NNN%20RT%281746896358113%2015%29%20q%280%20-1%20-1%20-1%29%20r%280%20-1%29%20B12%2811%2c3324493%2c0%29%20U19&incident_id=260000240304496623-815734814899701262&edet=12&cinfo=0b000000&rpinfo=0&cts=pm2nTm9KRQRM1Jp%2fPXYTSCvtAiBCUiurgkD6o27gkr0K4YpNNjwlLkoTje%2b1Dker&mth=GET" frameborder=0 width="100%" height="100%" marginheight="0px" marginwidth="0px">Request unsuccessful. Incapsula incident ID: 260000240304496623-815734814899701262</iframe></body></html>
ilosc
countryId 99 countryName Wyspy
res <html style="height:100%"><head><META NAME="ROBOTS" CONTENT="NOINDEX, NOFOLLOW"><meta name="format-detection" content="telephone=no"><meta name="viewport" content="initial-scale=1.0"><meta http-equiv="X-UA-Compatible" content="IE=edge,chrome=1"></head><body style="margin:0px;height:100%"><iframe id="main-iframe" src="/_Incapsula_Resource?SWUDNSAI=31&xinfo=14-214529327-0%200NNN%20RT%281746896358190%2014%29%20q%280%20-1%20-1%20-1%29%20r%280%20-1%29%20B12%2811%2c3324493%2c0%29%20U19&incident_id=260000240304496623-815734909388981774&edet=12&cinfo=0b000000&rpinfo=0&cts=zSqhkpDjIM%2b1gueYaPl0b48BNjuVekxNYH%2fb%2fTqY1HLv0N%2biKxjdTlvuOW3JMJfo&mth=GET" frameborder=0 width="100%" height="100%" marginheight="0px" marginwidth="0px">Request unsuccessful. Incapsula incident ID: 260000240304496623-815734909388981774</iframe></body></html>
ilosc
countryId 89 countryName Zjednoczone
res <html style="height:100%"><head><META NAME="ROBOTS" CONTENT="NOINDEX, NOFOLLOW"><meta name="format-detection" content="telephone=no"><meta name="viewport" content="initial-scale=1.0"><meta http-equiv="X-UA-Compatible" content="IE=edge,chrome=1"></head><body style="margin:0px;height:100%"><iframe id="main-iframe" src="/_Incapsula_Resource?SWUDNSAI=31&xinfo=13-186894609-0%200NNN%20RT%281746896358267%2013%29%20q%280%20-1%20-1%20-1%29%20r%280%20-1%29%20B12%2811%2c3324493%2c0%29%20U19&incident_id=260000240304496623-743319540280329741&edet=12&cinfo=0b000000&rpinfo=0&cts=lh03eTx1nFqwCf5tyvkSoKdkMr1eUZQNwqOrFzU1DPle84eEgluOpDsBeKq6ytn4&mth=GET" frameborder=0 width="100%" height="100%" marginheight="0px" marginwidth="0px">Request unsuccessful. Incapsula incident ID: 260000240304496623-743319540280329741</iframe></body></html>
ilosc
sob 10 maj 18:59:18 2025 CEST,0,109,109
