czw 29 maj 19:26:09 2025 CEST: 686553
Wielka Brytania +180135 180135 26,2%
Niemcy +115657 295792 43,1%
Stany Zjednoczone +56303 352095 51,3%
Holandia +39387 391482 57,0%
Norwegia +31008 422490 61,5%
Irlandia +26034 448524 65,3%
Hiszpania +25301 473825 69,0%
Francja +23501 497326 72,4%
Belgia +22078 519404 75,7%
Włochy +20001 539405 78,6%
Szwecja +16394 555799 81,0%
Szwajcaria +16348 572147 83,3%
Kanada +15393 587540 85,6%
Austria +13900 601440 87,6%
Dania +13265 614705 89,5%
Islandia +6933 621638 90,5%
Grecja +6107 627745 91,4%
Portugalia +4986 632731 92,2%
Australia +4793 637524 92,9%
Chorwacja +4250 641774 93,5%
Czechy +4163 645937 94,1%
Luksemburg +3917 649854 94,7%
Turcja +3902 653756 95,2%
Malta +2618 656374 95,6%
Zjednoczone Emiraty Arabskie +2125 658499 95,9%
Japonia +1984 660483 96,2%
Cypr +1869 662352 96,5%
Węgry +1845 664197 96,7%
Finlandia +1641 665838 97,0%
Egipt +1616 667454 97,2%
Bułgaria +1292 668746 97,4%
Chiny +1129 669875 97,6%
Albania +874 670749 97,7%
Słowacja +784 671533 97,8%
Korea Południowa +740 672273 97,9%
Litwa +683 672956 98,0%
Słowenia +633 673589 98,1%
Rumunia +630 674219 98,2%
Czarnogóra +600 674819 98,3%
Łotwa +590 675409 98,4%
Indonezja +579 675988 98,5%
Izrael +562 676550 98,5%
Tajlandia +559 677109 98,6%
Republika Południowej Afryki +548 677657 98,7%
Maroko +497 678154 98,8%
Meksyk +481 678635 98,8%
Singapur +468 679103 98,9%
Nowa Zelandia +427 679530 99,0%
Tunezja +418 679948 99,0%
Wietnam +357 680305 99,1%
Gruzja +353 680658 99,1%
Estonia +337 680995 99,2%
Kosowo +307 681302 99,2%
Liban +293 681595 99,3%
Tajwan +278 681873 99,3%
Katar +272 682145 99,4%
Serbia +239 682384 99,4%
Argentyna +238 682622 99,4%
Brazylia +223 682845 99,5%
Bośnia i Hercegowina +217 683062 99,5%
Malezja +215 683277 99,5%
Arabia Saudyjska +194 683471 99,6%
Peru +193 683664 99,6%
Kazachstan +190 683854 99,6%
Irak +187 684041 99,6%
Mołdawia +183 684224 99,7%
Jordania +181 684405 99,7%
Indie +176 684581 99,7%
Rosja +163 684744 99,7%
Armenia +152 684896 99,8%
Uzbekistan +146 685042 99,8%
Białoruś +144 685186 99,8%
Chile +131 685317 99,8%
Macedonia Północna +117 685434 99,8%
Filipiny +107 685541 99,9%
Kuwejt +104 685645 99,9%
Kolumbia +101 685746 99,9%
Tanzania +94 685840 99,9%
Azerbejdżan +92 685932 99,9%
Kenia +89 686021 99,9%
Dominikana +82 686103 99,9%
Algieria +62 686165 99,9%
Panama +61 686226 100,0%
Oman +57 686283 100,0%
Kuba +46 686329 100,0%
Wenezuela +40 686369 100,0%
Senegal +37 686406 100,0%
Iran +37 686443 100,0%
Pakistan +32 686475 100,0%
Mongolia +30 686505 100,0%
Nigeria +25 686530 100,0%
Etiopia +23 686553 100,0%
